// Jest Snapshot v1, https://goo.gl/fbAQLP

exports[`MainPanel component matches snapshot 1`] = `
<DocumentFragment>
  <div
    class="makeStyles-root-1"
  >
    test
  </div>
</DocumentFragment>
`;
