// Jest Snapshot v1, https://goo.gl/fbAQLP

exports[`SideMenuHeader component matches snapshot 1`] = `
<DocumentFragment>
  <div
    class="makeStyles-root-1 makeStyles-root-3"
  >
    <a
      aria-disabled="false"
      class="MuiButtonBase-root MuiIconButton-root"
      href="https://github.com/jhackshaw/ofnotes"
      tabindex="0"
    >
      <span
        class="MuiIconButton-label"
      >
        <svg
          aria-hidden="true"
          class="MuiSvgIcon-root"
          focusable="false"
          viewBox="0 0 24 24"
        >
          <path
            d="M12 .3a12 12 0 0 0-3.8 23.4c.6.1.8-.3.8-.6v-2c-3.3.7-4-1.6-4-1.6-.6-1.4-1.4-1.8-1.4-1.8-1-.7.1-.7.1-.7 1.2 0 1.9 1.2 1.9 1.2 1 1.8 2.8 1.3 3.5 1 0-.8.4-1.3.7-1.6-2.7-.3-5.5-1.3-5.5-6 0-1.2.5-2.3 1.3-3.1-.2-.4-.6-1.6 0-3.2 0 0 1-.3 3.4 1.2a11.5 11.5 0 0 1 6 0c2.3-1.5 3.3-1.2 3.3-1.2.6 1.6.2 2.8 0 3.2.9.8 1.3 1.9 1.3 3.2 0 4.6-2.8 5.6-5.5 5.9.5.4.9 1 .9 2.2v3.3c0 .3.1.7.8.6A12 12 0 0 0 12 .3"
          />
        </svg>
      </span>
      <span
        class="MuiTouchRipple-root"
      />
    </a>
    <button
      class="MuiButtonBase-root MuiIconButton-root"
      tabindex="0"
      type="button"
    >
      <span
        class="MuiIconButton-label"
      >
        <svg
          class="MuiSvgIcon-root"
          focusable="false"
          role="img"
          viewBox="0 0 24 24"
        >
          <path
            d="M20 15.31L23.31 12 20 8.69V4h-4.69L12 .69 8.69 4H4v4.69L.69 12 4 15.31V20h4.69L12 23.31 15.31 20H20v-4.69zM12 18c-3.31 0-6-2.69-6-6s2.69-6 6-6 6 2.69 6 6-2.69 6-6 6z"
          />
          <title>
            set dark theme
          </title>
        </svg>
      </span>
      <span
        class="MuiTouchRipple-root"
      />
    </button>
    <button
      class="MuiButtonBase-root MuiIconButton-root"
      tabindex="0"
      type="button"
    >
      <span
        class="MuiIconButton-label"
      >
        <svg
          class="MuiSvgIcon-root"
          focusable="false"
          role="img"
          viewBox="0 0 24 24"
        >
          <path
            d="M3 18h18v-2H3v2zm0-5h18v-2H3v2zm0-7v2h18V6H3z"
          />
          <title>
            open menu
          </title>
        </svg>
      </span>
      <span
        class="MuiTouchRipple-root"
      />
    </button>
  </div>
</DocumentFragment>
`;
