// Jest Snapshot v1, https://goo.gl/fbAQLP

exports[`SideMenu component matches snapshot 1`] = `
<DocumentFragment>
  <div
    class="MuiPaper-root makeStyles-container-1 makeStyles-container-3 MuiPaper-elevation1 MuiPaper-rounded"
  >
    <div
      class="makeStyles-root-4 makeStyles-root-6"
    >
      <div
        class="makeStyles-header-5"
      >
        <h5
          class="MuiTypography-root MuiTypography-h5"
        >
          OfNote
          <small>
            <em>
              s
            </em>
          </small>
        </h5>
        <h6
          class="MuiTypography-root MuiTypography-subtitle2 MuiTypography-colorTextSecondary"
        >
          Offline note taking
        </h6>
      </div>
      <a
        aria-disabled="false"
        class="MuiButtonBase-root MuiIconButton-root"
        href="https://github.com/jhackshaw/ofnotes"
        tabindex="0"
      >
        <span
          class="MuiIconButton-label"
        >
          <svg
            aria-hidden="true"
            class="MuiSvgIcon-root"
            focusable="false"
            viewBox="0 0 24 24"
          >
            <path
              d="M12 .3a12 12 0 0 0-3.8 23.4c.6.1.8-.3.8-.6v-2c-3.3.7-4-1.6-4-1.6-.6-1.4-1.4-1.8-1.4-1.8-1-.7.1-.7.1-.7 1.2 0 1.9 1.2 1.9 1.2 1 1.8 2.8 1.3 3.5 1 0-.8.4-1.3.7-1.6-2.7-.3-5.5-1.3-5.5-6 0-1.2.5-2.3 1.3-3.1-.2-.4-.6-1.6 0-3.2 0 0 1-.3 3.4 1.2a11.5 11.5 0 0 1 6 0c2.3-1.5 3.3-1.2 3.3-1.2.6 1.6.2 2.8 0 3.2.9.8 1.3 1.9 1.3 3.2 0 4.6-2.8 5.6-5.5 5.9.5.4.9 1 .9 2.2v3.3c0 .3.1.7.8.6A12 12 0 0 0 12 .3"
            />
          </svg>
        </span>
        <span
          class="MuiTouchRipple-root"
        />
      </a>
      <button
        class="MuiButtonBase-root MuiIconButton-root"
        tabindex="0"
        type="button"
      >
        <span
          class="MuiIconButton-label"
        >
          <svg
            class="MuiSvgIcon-root"
            focusable="false"
            role="img"
            viewBox="0 0 24 24"
          >
            <path
              d="M20 15.31L23.31 12 20 8.69V4h-4.69L12 .69 8.69 4H4v4.69L.69 12 4 15.31V20h4.69L12 23.31 15.31 20H20v-4.69zM12 18c-3.31 0-6-2.69-6-6s2.69-6 6-6 6 2.69 6 6-2.69 6-6 6z"
            />
            <title>
              set dark theme
            </title>
          </svg>
        </span>
        <span
          class="MuiTouchRipple-root"
        />
      </button>
      <button
        class="MuiButtonBase-root MuiIconButton-root"
        tabindex="0"
        type="button"
      >
        <span
          class="MuiIconButton-label"
        >
          <svg
            class="MuiSvgIcon-root"
            focusable="false"
            role="img"
            viewBox="0 0 24 24"
          >
            <path
              d="M19 6.41L17.59 5 12 10.59 6.41 5 5 6.41 10.59 12 5 17.59 6.41 19 12 13.41 17.59 19 19 17.59 13.41 12z"
            />
            <title>
              close menu
            </title>
          </svg>
        </span>
        <span
          class="MuiTouchRipple-root"
        />
      </button>
    </div>
    <div
      class="makeStyles-root-7"
    >
      <div
        class="MuiFormControl-root MuiTextField-root makeStyles-inp-8 MuiFormControl-fullWidth"
      >
        <label
          class="MuiFormLabel-root MuiInputLabel-root MuiInputLabel-formControl MuiInputLabel-animated MuiInputLabel-shrink MuiInputLabel-outlined"
          data-shrink="true"
          for="filter"
          id="filter-label"
        >
          Filter
        </label>
        <div
          class="MuiInputBase-root MuiOutlinedInput-root MuiInputBase-fullWidth MuiInputBase-formControl"
        >
          <input
            aria-describedby="filter-helper-text"
            aria-invalid="false"
            autocomplete="off"
            class="MuiInputBase-input MuiOutlinedInput-input"
            id="filter"
            name="filter"
            type="text"
            value=""
          />
          <fieldset
            aria-hidden="true"
            class="PrivateNotchedOutline-root-9 MuiOutlinedInput-notchedOutline"
          >
            <legend
              class="PrivateNotchedOutline-legendLabelled-11 PrivateNotchedOutline-legendNotched-12"
            >
              <span>
                Filter
              </span>
            </legend>
          </fieldset>
        </div>
        <p
          class="MuiFormHelperText-root MuiFormHelperText-contained"
          id="filter-helper-text"
        >
          Search tags or titles
        </p>
      </div>
    </div>
    <hr
      class="MuiDivider-root"
    />
    <ul
      class="MuiList-root MuiList-padding"
    >
      <li
        class="MuiListItem-container"
      >
        <a
          aria-disabled="false"
          class="MuiButtonBase-root MuiListItem-root MuiListItem-gutters MuiListItem-button MuiListItem-secondaryAction"
          href="/test-one"
          role="button"
          tabindex="0"
        >
          <div
            class="MuiListItemAvatar-root"
          >
            <div
              class="MuiAvatar-root MuiAvatar-circle MuiAvatar-colorDefault"
            >
              t
            </div>
          </div>
          <div
            class="MuiListItemText-root MuiListItemText-multiline"
          >
            <span
              class="MuiTypography-root MuiListItemText-primary MuiTypography-body1 MuiTypography-displayBlock"
            >
              test one
            </span>
            <p
              class="MuiTypography-root MuiListItemText-secondary MuiTypography-body2 MuiTypography-colorTextSecondary MuiTypography-displayBlock"
            >
              <span>
                a few seconds ago
              </span>
            </p>
          </div>
          <span
            class="MuiTouchRipple-root"
          />
        </a>
        <div
          class="MuiListItemSecondaryAction-root"
        >
          <a
            aria-disabled="false"
            class="MuiButtonBase-root MuiIconButton-root"
            href="/test-one/edit"
            role="button"
            tabindex="0"
          >
            <span
              class="MuiIconButton-label"
            >
              <svg
                aria-hidden="true"
                class="MuiSvgIcon-root"
                focusable="false"
                viewBox="0 0 24 24"
              >
                <path
                  d="M3 17.25V21h3.75L17.81 9.94l-3.75-3.75L3 17.25zM20.71 7.04c.39-.39.39-1.02 0-1.41l-2.34-2.34a.9959.9959 0 00-1.41 0l-1.83 1.83 3.75 3.75 1.83-1.83z"
                />
              </svg>
            </span>
            <span
              class="MuiTouchRipple-root"
            />
          </a>
        </div>
      </li>
      <li
        class="MuiListItem-container"
      >
        <a
          aria-disabled="false"
          class="MuiButtonBase-root MuiListItem-root MuiListItem-gutters MuiListItem-button MuiListItem-secondaryAction"
          href="/test-two"
          role="button"
          tabindex="0"
        >
          <div
            class="MuiListItemAvatar-root"
          >
            <div
              class="MuiAvatar-root MuiAvatar-circle MuiAvatar-colorDefault"
            >
              t
            </div>
          </div>
          <div
            class="MuiListItemText-root MuiListItemText-multiline"
          >
            <span
              class="MuiTypography-root MuiListItemText-primary MuiTypography-body1 MuiTypography-displayBlock"
            >
              test two
            </span>
            <p
              class="MuiTypography-root MuiListItemText-secondary MuiTypography-body2 MuiTypography-colorTextSecondary MuiTypography-displayBlock"
            >
              <span>
                2 hours ago
                <span
                  class="makeStyles-bullet-13"
                >
                  â€¢
                </span>
                python
              </span>
            </p>
          </div>
          <span
            class="MuiTouchRipple-root"
          />
        </a>
        <div
          class="MuiListItemSecondaryAction-root"
        >
          <a
            aria-disabled="false"
            class="MuiButtonBase-root MuiIconButton-root"
            href="/test-two/edit"
            role="button"
            tabindex="0"
          >
            <span
              class="MuiIconButton-label"
            >
              <svg
                aria-hidden="true"
                class="MuiSvgIcon-root"
                focusable="false"
                viewBox="0 0 24 24"
              >
                <path
                  d="M3 17.25V21h3.75L17.81 9.94l-3.75-3.75L3 17.25zM20.71 7.04c.39-.39.39-1.02 0-1.41l-2.34-2.34a.9959.9959 0 00-1.41 0l-1.83 1.83 3.75 3.75 1.83-1.83z"
                />
              </svg>
            </span>
            <span
              class="MuiTouchRipple-root"
            />
          </a>
        </div>
      </li>
      <li
        class="MuiListItem-container"
      >
        <a
          aria-disabled="false"
          class="MuiButtonBase-root MuiListItem-root MuiListItem-gutters MuiListItem-button MuiListItem-secondaryAction"
          href="/test-three"
          role="button"
          tabindex="0"
        >
          <div
            class="MuiListItemAvatar-root"
          >
            <div
              class="MuiAvatar-root MuiAvatar-circle MuiAvatar-colorDefault"
            >
              t
            </div>
          </div>
          <div
            class="MuiListItemText-root MuiListItemText-multiline"
          >
            <span
              class="MuiTypography-root MuiListItemText-primary MuiTypography-body1 MuiTypography-displayBlock"
            >
              test three
            </span>
            <p
              class="MuiTypography-root MuiListItemText-secondary MuiTypography-body2 MuiTypography-colorTextSecondary MuiTypography-displayBlock"
            >
              <span>
                22 days ago
                <span
                  class="makeStyles-bullet-13"
                >
                  â€¢
                </span>
                test, three
              </span>
            </p>
          </div>
          <span
            class="MuiTouchRipple-root"
          />
        </a>
        <div
          class="MuiListItemSecondaryAction-root"
        >
          <a
            aria-disabled="false"
            class="MuiButtonBase-root MuiIconButton-root"
            href="/test-three/edit"
            role="button"
            tabindex="0"
          >
            <span
              class="MuiIconButton-label"
            >
              <svg
                aria-hidden="true"
                class="MuiSvgIcon-root"
                focusable="false"
                viewBox="0 0 24 24"
              >
                <path
                  d="M3 17.25V21h3.75L17.81 9.94l-3.75-3.75L3 17.25zM20.71 7.04c.39-.39.39-1.02 0-1.41l-2.34-2.34a.9959.9959 0 00-1.41 0l-1.83 1.83 3.75 3.75 1.83-1.83z"
                />
              </svg>
            </span>
            <span
              class="MuiTouchRipple-root"
            />
          </a>
        </div>
      </li>
    </ul>
  </div>
</DocumentFragment>
`;
